// Vitest Snapshot v1, https://vitest.dev/guide/snapshot.html

exports[`buildStatsData > produces a stable snapshot for a fixed dataset and date 1`] = `
{
  "depts": [],
  "distanceStats": {
    "byMonth": [
      {
        "key": "2025-06",
        "km": 320,
        "label": "juin 2025",
        "tripCount": 3,
      },
      {
        "key": "2025-07",
        "km": 260,
        "label": "juillet 2025",
        "tripCount": 2,
      },
    ],
    "bySeason": [
      {
        "km": 580,
        "label": "Été 2025",
        "tripCount": 5,
      },
    ],
    "topDays": [
      {
        "date": "2025-07-05",
        "dateLabel": "5 juil. 2025",
        "indexIds": [
          "t5",
        ],
        "km": 200,
        "tripCount": 1,
      },
      {
        "date": "2025-06-15",
        "dateLabel": "15 juin 2025",
        "indexIds": [
          "t3",
        ],
        "km": 180,
        "tripCount": 1,
      },
      {
        "date": "2025-06-01",
        "dateLabel": "1 juin 2025",
        "indexIds": [
          "t1",
        ],
        "km": 90,
        "tripCount": 1,
      },
      {
        "date": "2025-07-01",
        "dateLabel": "1 juil. 2025",
        "indexIds": [
          "t4",
        ],
        "km": 60,
        "tripCount": 1,
      },
      {
        "date": "2025-06-02",
        "dateLabel": "2 juin 2025",
        "indexIds": [
          "t2",
        ],
        "km": 50,
        "tripCount": 1,
      },
    ],
    "topTrips": [
      {
        "date": "2025-07-05",
        "dateLabel": "5 juil. 2025",
        "from": "Narbonne",
        "fromCountryCode": "ES",
        "indexId": "t5",
        "km": 200,
        "to": "Perpignan",
        "toCountryCode": "ES",
      },
      {
        "date": "2025-06-15",
        "dateLabel": "15 juin 2025",
        "from": "Toulouse",
        "fromCountryCode": "ES",
        "indexId": "t3",
        "km": 180,
        "to": "Montpellier",
        "toCountryCode": "ES",
      },
      {
        "date": "2025-06-01",
        "dateLabel": "1 juin 2025",
        "from": "Toulouse",
        "fromCountryCode": "ES",
        "indexId": "t1",
        "km": 90,
        "to": "Carcassonne",
        "toCountryCode": "ES",
      },
      {
        "date": "2025-07-01",
        "dateLabel": "1 juil. 2025",
        "from": "Toulouse",
        "fromCountryCode": "ES",
        "indexId": "t4",
        "km": 60,
        "to": "Foix",
        "toCountryCode": "ES",
      },
      {
        "date": "2025-06-02",
        "dateLabel": "2 juin 2025",
        "from": "Toulouse",
        "fromCountryCode": "ES",
        "indexId": "t2",
        "km": 50,
        "to": "Albi",
        "toCountryCode": "ES",
      },
    ],
  },
  "fuelStats": {
    "avgConsumptionL100": 6.5,
    "byMonth": [
      {
        "cost": null,
        "fillUps": 2,
        "key": "2025-06",
        "label": "juin 2025",
        "litersConsumed": 20.4,
        "pricePerL": null,
      },
      {
        "cost": null,
        "fillUps": 2,
        "key": "2025-07",
        "label": "juillet 2025",
        "litersConsumed": 17.3,
        "pricePerL": null,
      },
    ],
    "co2KgTotal": 87,
    "costPerKm": null,
    "fuelType": "SP98",
    "tankSizeL": 15,
    "totalCost": null,
    "totalFillUps": 4,
    "totalLiters": 37.7,
  },
  "homeCity": "Toulouse",
  "pauseStats": {
    "avgKmBeforeFirstPause": null,
    "avgPauseDurationMin": null,
    "avgPausesPerTrip": 0,
    "byKmRange": [
      {
        "avgDurationMin": 0,
        "avgPauses": 0,
        "label": "50 – 100 km",
        "maxDurationMin": 0,
        "maxPauses": 0,
        "minDurationMin": 0,
        "minPauses": 0,
        "tripCount": 3,
      },
      {
        "avgDurationMin": 0,
        "avgPauses": 0,
        "label": "150 – 200 km",
        "maxDurationMin": 0,
        "maxPauses": 0,
        "minDurationMin": 0,
        "minPauses": 0,
        "tripCount": 1,
      },
      {
        "avgDurationMin": 0,
        "avgPauses": 0,
        "label": "> 200 km",
        "maxDurationMin": 0,
        "maxPauses": 0,
        "minDurationMin": 0,
        "minPauses": 0,
        "tripCount": 1,
      },
    ],
    "longestSessionKm": 200,
    "longestSessionTripIndexId": "t5",
    "maxPauseDateLabel": null,
    "maxPauseDurationMin": null,
    "maxPauseTripIndexId": null,
    "tripsWithPositions": 5,
  },
  "recentStats": {
    "bestMonthIsCurrent": false,
    "currentStreakDays": 0,
    "currentStreakSince": null,
    "leanRecordDate": "2025-06-01",
    "longestTripDate": "2025-07-05",
    "months": [
      {
        "bestDayDateLabel": "5 juil. 2025",
        "bestDayKm": 200,
        "key": "2025-07",
        "km": 260,
        "label": "Juillet 2025",
        "maxSpeedKmh": 176,
        "newCities": [],
        "newCountries": [],
        "newDepts": [],
        "newHexCount": 0,
        "newPassingCities": [],
        "ridingDays": 2,
        "shortLabel": "juillet",
        "trips": 2,
      },
      {
        "bestDayDateLabel": "15 juin 2025",
        "bestDayKm": 180,
        "key": "2025-06",
        "km": 320,
        "label": "Juin 2025",
        "maxSpeedKmh": 148,
        "newCities": [],
        "newCountries": [
          {
            "code": "ES",
          },
        ],
        "newDepts": [],
        "newHexCount": 0,
        "newPassingCities": [],
        "ridingDays": 3,
        "shortLabel": "juin",
        "trips": 3,
      },
    ],
    "speedRecordDate": "2025-07-05",
  },
  "records": {
    "arrivalHour": 11,
    "avgKmPerTrip": 116,
    "avgTripDurationMin": 0,
    "bestMonth": {
      "km": 320,
      "label": "juin 2025",
    },
    "departureHour": 11,
    "firstTripDate": "1 juin 2025",
    "longestBreak": {
      "days": 15,
      "from": "16 juin 2025",
      "to": "1 juil. 2025",
    },
    "longestDay": {
      "dateLabel": "5 juil. 2025",
      "km": 200,
      "tripCount": 1,
    },
    "longestStreak": 2,
    "longestStreakFrom": "1 juin 2025",
    "longestStreakTo": "2 juin 2025",
    "longestTrip": {
      "dateLabel": "5 juil. 2025",
      "from": "Narbonne",
      "indexId": "t5",
      "km": 200,
      "to": "Perpignan",
    },
    "pauseHour": 11,
    "ridingDays": 5,
    "topDaysOfWeek": [
      "Dimanche",
      "Lundi",
      "Mardi",
    ],
    "totalKm": 580,
    "totalRidingHours": 0,
    "totalTrips": 5,
  },
  "speedStats": {
    "globalAvgKmh": 79,
    "globalMaxKmh": 176,
    "maxSpeedTripIndexId": "t5",
    "topByMax": [
      {
        "avgKmh": 89,
        "date": "2025-07-05",
        "dateLabel": "5 juil. 2025",
        "from": "Narbonne",
        "fromCountryCode": "ES",
        "indexId": "t5",
        "km": 200,
        "maxKmh": 176,
        "to": "Perpignan",
        "toCountryCode": "ES",
      },
      {
        "avgKmh": 83,
        "date": "2025-06-15",
        "dateLabel": "15 juin 2025",
        "from": "Toulouse",
        "fromCountryCode": "ES",
        "indexId": "t3",
        "km": 180,
        "maxKmh": 148,
        "to": "Montpellier",
        "toCountryCode": "ES",
      },
      {
        "avgKmh": 70,
        "date": "2025-06-01",
        "dateLabel": "1 juin 2025",
        "from": "Toulouse",
        "fromCountryCode": "ES",
        "indexId": "t1",
        "km": 90,
        "maxKmh": 130,
        "to": "Carcassonne",
        "toCountryCode": "ES",
      },
      {
        "avgKmh": 61,
        "date": "2025-07-01",
        "dateLabel": "1 juil. 2025",
        "from": "Toulouse",
        "fromCountryCode": "ES",
        "indexId": "t4",
        "km": 60,
        "maxKmh": 111,
        "to": "Foix",
        "toCountryCode": "ES",
      },
      {
        "avgKmh": 56,
        "date": "2025-06-02",
        "dateLabel": "2 juin 2025",
        "from": "Toulouse",
        "fromCountryCode": "ES",
        "indexId": "t2",
        "km": 50,
        "maxKmh": 102,
        "to": "Albi",
        "toCountryCode": "ES",
      },
    ],
  },
  "turnStats": {
    "avgLeanAngle": 30,
    "avgPctInTurns": 0,
    "avgSpeedKmh": null,
    "leanDistribution": [
      {
        "count": 0,
        "label": "< 15°",
        "pct": 0,
      },
      {
        "count": 0,
        "label": "15 – 30°",
        "pct": 0,
      },
      {
        "count": 5,
        "label": "30 – 45°",
        "pct": 100,
      },
      {
        "count": 0,
        "label": "> 45°",
        "pct": 0,
      },
    ],
    "maxLeanAngle": 30,
    "maxLeanTripIndexId": "t1",
    "maxSpeedKmh": null,
    "sportPct": 0,
    "topCities": [],
    "topDepts": [],
    "tripsWithPositions": 5,
  },
}
`;
